
> frontend@0.1.0 build
> next build --no-lint

 ΓÜá Linting is disabled.
   Γû▓ Next.js 15.2.4
   - Environments: .env.local

   Creating an optimized production build ...
 Γ£ô Compiled successfully
   Checking validity of types ...
